PS C:\Users\81805\Desktop\progrum\kadai> git init
Initialized empty Git repository in C:/Users/81805/Desktop/progrum/kadai/.git/
PS C:\Users\81805\Desktop\progrum\kadai> cd C:\Users\81805\Desktop\progrum\kadai\git_challenge
PS C:\Users\81805\Desktop\progrum\kadai\git_challenge> git add .
PS C:\Users\81805\Desktop\progrum\kadai\git_challenge> git commit -m "hello_world.textを作成"
[main (root-commit) 63e675e] hello_world.textを作成
 1 file changed, 1 insertion(+)
 create mode 100644 git_challenge/hello_world.txt
PS C:\Users\81805\Desktop\progrum\kadai\git_challenge> git add hello_world.text    
fatal: pathspec 'hello_world.text' did not match any files
PS C:\Users\81805\Desktop\progrum\kadai\git_challenge> git add C:\Users\81805\Desktop\progrum\kadai\git_challenge
PS C:\Users\81805\Desktop\progrum\kadai\git_challenge> git commit -m "hello_world.textに和訳追加"
[main 44e48e1] hello_world.textに和訳追加
 1 file changed, 2 insertions(+), 1 deletion(-)
PS C:\Users\81805\Desktop\progrum\kadai> git log --oneline
3455930 (HEAD -> main, origin/main) kadai_005.textに履歴の貼り付け
44e48e1 hello_world.textに和訳追加
63e675e hello_world.textを作成ons(+), 1 deletion(-)